RUN_FOLDER=C:\Users\seolh\Documents\GitHub\26KAMP\output\random_forest_pipeline\rf-20261003T060807Z-22f2de27
cn7: raw_no_scaler 108 settings x 4 folds, cold fit
[Parallel(n_jobs=4)]: Using backend LokyBackend with 4 concurrent workers.
[Parallel(n_jobs=4)]: Done  10 tasks      | elapsed:    7.8s
[Parallel(n_jobs=4)]: Done  64 tasks      | elapsed:   31.8s
[Parallel(n_jobs=4)]: Done 108 out of 108 | elapsed:   50.3s finished
cn7: raw_no_scaler complete (51.2s)
cn7: without_cycle 108 settings x 4 folds, cold fit
[Parallel(n_jobs=4)]: Using backend LokyBackend with 4 concurrent workers.
[Parallel(n_jobs=4)]: Done  10 tasks      | elapsed:    4.7s
[Parallel(n_jobs=4)]: Done  64 tasks      | elapsed:   27.4s
[Parallel(n_jobs=4)]: Done 108 out of 108 | elapsed:   44.9s finished
cn7: without_cycle complete (45.8s)
cn7: pressure 108 settings x 4 folds, cold fit
[Parallel(n_jobs=4)]: Using backend LokyBackend with 4 concurrent workers.
[Parallel(n_jobs=4)]: Done  10 tasks      | elapsed:    5.2s
[Parallel(n_jobs=4)]: Done  64 tasks      | elapsed:   29.1s
[Parallel(n_jobs=4)]: Done 108 out of 108 | elapsed:   47.4s finished
cn7: pressure complete (48.4s)
cn7: plasticizing 108 settings x 4 folds, cold fit
[Parallel(n_jobs=4)]: Using backend LokyBackend with 4 concurrent workers.
[Parallel(n_jobs=4)]: Done  10 tasks      | elapsed:    4.4s
[Parallel(n_jobs=4)]: Done  64 tasks      | elapsed:   25.3s
[Parallel(n_jobs=4)]: Done 108 out of 108 | elapsed:   43.1s finished
cn7: plasticizing complete (43.9s)
cn7: thermal 108 settings x 4 folds, cold fit
[Parallel(n_jobs=4)]: Using backend LokyBackend with 4 concurrent workers.
[Parallel(n_jobs=4)]: Done  10 tasks      | elapsed:    5.0s
[Parallel(n_jobs=4)]: Done  64 tasks      | elapsed:   26.9s
[Parallel(n_jobs=4)]: Done 108 out of 108 | elapsed:   46.0s finished
cn7: thermal complete (47.1s)
cn7: domain_all 108 settings x 4 folds, cold fit
[Parallel(n_jobs=4)]: Using backend LokyBackend with 4 concurrent workers.
[Parallel(n_jobs=4)]: Done  10 tasks      | elapsed:    4.6s
[Parallel(n_jobs=4)]: Done  64 tasks      | elapsed:   26.9s
[Parallel(n_jobs=4)]: Done 108 out of 108 | elapsed:   45.3s finished
cn7: domain_all complete (46.3s)
cn7: group_pca 108 settings x 4 folds, cold fit
[Parallel(n_jobs=4)]: Using backend LokyBackend with 4 concurrent workers.
[Parallel(n_jobs=4)]: Done  10 tasks      | elapsed:    4.7s
[Parallel(n_jobs=4)]: Done  64 tasks      | elapsed:   26.2s
[Parallel(n_jobs=4)]: Done 108 out of 108 | elapsed:   44.6s finished
cn7: group_pca complete (45.4s)
cn7: selected pressure, threshold=0.222, OOF F1=0.533333, Test F1=0.000000; audit=True
rg3: raw_no_scaler 108 settings x 4 folds, cold fit
[Parallel(n_jobs=4)]: Using backend LokyBackend with 4 concurrent workers.
[Parallel(n_jobs=4)]: Done  10 tasks      | elapsed:    4.7s
[Parallel(n_jobs=4)]: Done  64 tasks      | elapsed:   27.2s
[Parallel(n_jobs=4)]: Done 108 out of 108 | elapsed:   46.1s finished
rg3: raw_no_scaler complete (47.0s)
rg3: without_cycle 108 settings x 4 folds, cold fit
[Parallel(n_jobs=4)]: Using backend LokyBackend with 4 concurrent workers.
[Parallel(n_jobs=4)]: Done  10 tasks      | elapsed:    4.7s
[Parallel(n_jobs=4)]: Done  64 tasks      | elapsed:   27.9s
[Parallel(n_jobs=4)]: Done 108 out of 108 | elapsed:   48.9s finished
rg3: without_cycle complete (49.8s)
rg3: pressure 108 settings x 4 folds, cold fit
[Parallel(n_jobs=4)]: Using backend LokyBackend with 4 concurrent workers.
[Parallel(n_jobs=4)]: Done  10 tasks      | elapsed:    4.6s
[Parallel(n_jobs=4)]: Done  64 tasks      | elapsed:   27.0s
[Parallel(n_jobs=4)]: Done 108 out of 108 | elapsed:   46.1s finished
rg3: pressure complete (46.9s)
rg3: plasticizing 108 settings x 4 folds, cold fit
[Parallel(n_jobs=4)]: Using backend LokyBackend with 4 concurrent workers.
[Parallel(n_jobs=4)]: Done  10 tasks      | elapsed:    4.6s
[Parallel(n_jobs=4)]: Done  64 tasks      | elapsed:   27.1s
[Parallel(n_jobs=4)]: Done 108 out of 108 | elapsed:   47.8s finished
rg3: plasticizing complete (48.7s)
rg3: thermal 108 settings x 4 folds, cold fit
[Parallel(n_jobs=4)]: Using backend LokyBackend with 4 concurrent workers.
[Parallel(n_jobs=4)]: Done  10 tasks      | elapsed:    4.8s
[Parallel(n_jobs=4)]: Done  64 tasks      | elapsed:   29.9s
[Parallel(n_jobs=4)]: Done 108 out of 108 | elapsed:   50.4s finished
rg3: thermal complete (51.3s)
rg3: domain_all 108 settings x 4 folds, cold fit
[Parallel(n_jobs=4)]: Using backend LokyBackend with 4 concurrent workers.
[Parallel(n_jobs=4)]: Done  10 tasks      | elapsed:    4.7s
[Parallel(n_jobs=4)]: Done  64 tasks      | elapsed:   29.7s
[Parallel(n_jobs=4)]: Done 108 out of 108 | elapsed:   51.3s finished
rg3: domain_all complete (52.2s)
rg3: group_pca 108 settings x 4 folds, cold fit
[Parallel(n_jobs=4)]: Using backend LokyBackend with 4 concurrent workers.
[Parallel(n_jobs=4)]: Done  10 tasks      | elapsed:    5.0s
[Parallel(n_jobs=4)]: Done  64 tasks      | elapsed:   27.2s
[Parallel(n_jobs=4)]: Done 108 out of 108 | elapsed:   45.9s finished
rg3: group_pca complete (46.7s)
rg3: selected group_pca, threshold=0.47000000000000003, OOF F1=0.187500, Test F1=0.000000; audit=True
